// Jest Snapshot v1, https://goo.gl/fbAQLP

exports[`Validate main screen snapshot match snapshot 1`] = `
<div>
  <main
    class="moonstone-contentLayout flexCol"
  >
    <header
      class="moonstone-contentHeader"
    >
      <div
        class="moonstone-contentHeader_upper"
      >
        <div
          class="flexRow"
        >
          <p
            class="moonstone-typography moonstone-variant_title moonstone-weight_default"
          >
            translated_personal-api-tokens:title
          </p>
          <div
            class="flexFluid"
          />
          <button
            class="moonstone-button moonstone-size_big moonstone-variant_default moonstone-color_accent moonstone-icon"
            data-testid="create-token-btn"
            type="button"
          >
            <svg
              class="undefined moonstone-icon moonstone-icon_default"
              fill="currentColor"
              viewBox="0 0 24 24"
            >
              <path
                d="M19 13h-6v6h-2v-6H5v-2h6V5h2v6h6v2z"
              />
            </svg>
            <span
              class="moonstone-typography moonstone-variant_button moonstone-weight_semiBold flexFluid moonstone-nowrap moonstone-upperCase"
            >
              translated_personal-api-tokens:createToken.buttonTitle
            </span>
          </button>
        </div>
      </div>
    </header>
    <div
      class="moonstone-contentLayout_paperContainer flexCol"
    >
      <div
        class="moonstone-contentLayout_paper flexCol"
      >
        <div
          class="tokensList flexRow_center alignCenter"
        >
          <p
            class="moonstone-typography moonstone-variant_subheading moonstone-weight_light"
            data-testid="no-tokens-message"
          >
            translated_personal-api-tokens:noTokens
          </p>
        </div>
      </div>
    </div>
  </main>
</div>
`;
